MPLINK 4.49, Linker
Linker Map File - Created Fri Jun 28 03:56:34 2019

                                 Section Info
                  Section       Type    Address   Location Size(Bytes)
                ---------  ---------  ---------  ---------  ---------
                   .org_0       code   0x000000    program   0x000fb2
.config_2007_AUTOMATIZACION.O       code   0x002007    program   0x000002



                              Program Memory Usage 
                               Start         End      
                           ---------   ---------      
                            0x000000    0x0007d8      
                            0x002007    0x002007      
            2010 out of 8454 program addresses used, program memory utilization is 23%



                              Symbols - Sorted by Name
                     Name    Address   Location    Storage File                     
                ---------  ---------  ---------  --------- ---------                
                A_Rechaza   0x0007b9    program     static C:\Users\yeucl\Desktop\Bussines\PIC_CLAVES\PROYECTO USUARIOS_ADMINISTRADOR\ASM3\automatizacion.asm
            A_final_users   0x0007bb    program     static C:\Users\yeucl\Desktop\Bussines\PIC_CLAVES\PROYECTO USUARIOS_ADMINISTRADOR\ASM3\automatizacion.asm
                  A_user2   0x000736    program     static C:\Users\yeucl\Desktop\Bussines\PIC_CLAVES\PROYECTO USUARIOS_ADMINISTRADOR\ASM3\automatizacion.asm
                  A_user3   0x000761    program     static C:\Users\yeucl\Desktop\Bussines\PIC_CLAVES\PROYECTO USUARIOS_ADMINISTRADOR\ASM3\automatizacion.asm
                  A_userA   0x00078c    program     static C:\Users\yeucl\Desktop\Bussines\PIC_CLAVES\PROYECTO USUARIOS_ADMINISTRADOR\ASM3\automatizacion.asm
                 Adigito1   0x0002ae    program     static C:\Users\yeucl\Desktop\Bussines\PIC_CLAVES\PROYECTO USUARIOS_ADMINISTRADOR\ASM3\automatizacion.asm
                 Adigito2   0x0002b2    program     static C:\Users\yeucl\Desktop\Bussines\PIC_CLAVES\PROYECTO USUARIOS_ADMINISTRADOR\ASM3\automatizacion.asm
                 Adigito3   0x0002b6    program     static C:\Users\yeucl\Desktop\Bussines\PIC_CLAVES\PROYECTO USUARIOS_ADMINISTRADOR\ASM3\automatizacion.asm
                 Adigito4   0x0002ba    program     static C:\Users\yeucl\Desktop\Bussines\PIC_CLAVES\PROYECTO USUARIOS_ADMINISTRADOR\ASM3\automatizacion.asm
            Afinaldigitos   0x0002f2    program     static C:\Users\yeucl\Desktop\Bussines\PIC_CLAVES\PROYECTO USUARIOS_ADMINISTRADOR\ASM3\automatizacion.asm
             Afinalsinod1   0x000204    program     static C:\Users\yeucl\Desktop\Bussines\PIC_CLAVES\PROYECTO USUARIOS_ADMINISTRADOR\ASM3\automatizacion.asm
             Afinalsinod2   0x00020e    program     static C:\Users\yeucl\Desktop\Bussines\PIC_CLAVES\PROYECTO USUARIOS_ADMINISTRADOR\ASM3\automatizacion.asm
             Afinalsinod3   0x000218    program     static C:\Users\yeucl\Desktop\Bussines\PIC_CLAVES\PROYECTO USUARIOS_ADMINISTRADOR\ASM3\automatizacion.asm
             Afinalsinod4   0x000222    program     static C:\Users\yeucl\Desktop\Bussines\PIC_CLAVES\PROYECTO USUARIOS_ADMINISTRADOR\ASM3\automatizacion.asm
              Afinalsmenu   0x0001bb    program     static C:\Users\yeucl\Desktop\Bussines\PIC_CLAVES\PROYECTO USUARIOS_ADMINISTRADOR\ASM3\automatizacion.asm
           Asala_usuario1   0x00061d    program     static C:\Users\yeucl\Desktop\Bussines\PIC_CLAVES\PROYECTO USUARIOS_ADMINISTRADOR\ASM3\automatizacion.asm
           Asala_usuario2   0x00063a    program     static C:\Users\yeucl\Desktop\Bussines\PIC_CLAVES\PROYECTO USUARIOS_ADMINISTRADOR\ASM3\automatizacion.asm
           Asala_usuario3   0x000657    program     static C:\Users\yeucl\Desktop\Bussines\PIC_CLAVES\PROYECTO USUARIOS_ADMINISTRADOR\ASM3\automatizacion.asm
                    Asid1   0x000202    program     static C:\Users\yeucl\Desktop\Bussines\PIC_CLAVES\PROYECTO USUARIOS_ADMINISTRADOR\ASM3\automatizacion.asm
                    Asid2   0x00020c    program     static C:\Users\yeucl\Desktop\Bussines\PIC_CLAVES\PROYECTO USUARIOS_ADMINISTRADOR\ASM3\automatizacion.asm
                    Asid3   0x000216    program     static C:\Users\yeucl\Desktop\Bussines\PIC_CLAVES\PROYECTO USUARIOS_ADMINISTRADOR\ASM3\automatizacion.asm
                    Asid4   0x000220    program     static C:\Users\yeucl\Desktop\Bussines\PIC_CLAVES\PROYECTO USUARIOS_ADMINISTRADOR\ASM3\automatizacion.asm
                  Asmenu1   0x0001b0    program     static C:\Users\yeucl\Desktop\Bussines\PIC_CLAVES\PROYECTO USUARIOS_ADMINISTRADOR\ASM3\automatizacion.asm
                  Asmenu2   0x0001ac    program     static C:\Users\yeucl\Desktop\Bussines\PIC_CLAVES\PROYECTO USUARIOS_ADMINISTRADOR\ASM3\automatizacion.asm
                  Asmenu3   0x0001b6    program     static C:\Users\yeucl\Desktop\Bussines\PIC_CLAVES\PROYECTO USUARIOS_ADMINISTRADOR\ASM3\automatizacion.asm
                 Bdigito1   0x0001cb    program     static C:\Users\yeucl\Desktop\Bussines\PIC_CLAVES\PROYECTO USUARIOS_ADMINISTRADOR\ASM3\automatizacion.asm
                 Bdigito2   0x0001cf    program     static C:\Users\yeucl\Desktop\Bussines\PIC_CLAVES\PROYECTO USUARIOS_ADMINISTRADOR\ASM3\automatizacion.asm
                 Bdigito3   0x0001d3    program     static C:\Users\yeucl\Desktop\Bussines\PIC_CLAVES\PROYECTO USUARIOS_ADMINISTRADOR\ASM3\automatizacion.asm
                 Bdigito4   0x0001d7    program     static C:\Users\yeucl\Desktop\Bussines\PIC_CLAVES\PROYECTO USUARIOS_ADMINISTRADOR\ASM3\automatizacion.asm
            Bfinaldigitos   0x0001e5    program     static C:\Users\yeucl\Desktop\Bussines\PIC_CLAVES\PROYECTO USUARIOS_ADMINISTRADOR\ASM3\automatizacion.asm
           Bsala_usuario1   0x000681    program     static C:\Users\yeucl\Desktop\Bussines\PIC_CLAVES\PROYECTO USUARIOS_ADMINISTRADOR\ASM3\automatizacion.asm
           Bsala_usuario2   0x00069a    program     static C:\Users\yeucl\Desktop\Bussines\PIC_CLAVES\PROYECTO USUARIOS_ADMINISTRADOR\ASM3\automatizacion.asm
           Bsala_usuario3   0x0006b3    program     static C:\Users\yeucl\Desktop\Bussines\PIC_CLAVES\PROYECTO USUARIOS_ADMINISTRADOR\ASM3\automatizacion.asm
                 Cdigito1   0x000302    program     static C:\Users\yeucl\Desktop\Bussines\PIC_CLAVES\PROYECTO USUARIOS_ADMINISTRADOR\ASM3\automatizacion.asm
                 Cdigito2   0x000306    program     static C:\Users\yeucl\Desktop\Bussines\PIC_CLAVES\PROYECTO USUARIOS_ADMINISTRADOR\ASM3\automatizacion.asm
                 Cdigito3   0x00030a    program     static C:\Users\yeucl\Desktop\Bussines\PIC_CLAVES\PROYECTO USUARIOS_ADMINISTRADOR\ASM3\automatizacion.asm
                 Cdigito4   0x00030e    program     static C:\Users\yeucl\Desktop\Bussines\PIC_CLAVES\PROYECTO USUARIOS_ADMINISTRADOR\ASM3\automatizacion.asm
            Cfinaldigitos   0x000317    program     static C:\Users\yeucl\Desktop\Bussines\PIC_CLAVES\PROYECTO USUARIOS_ADMINISTRADOR\ASM3\automatizacion.asm
              Cfinalsmenu   0x00029e    program     static C:\Users\yeucl\Desktop\Bussines\PIC_CLAVES\PROYECTO USUARIOS_ADMINISTRADOR\ASM3\automatizacion.asm
                  Csmenu#   0x000296    program     static C:\Users\yeucl\Desktop\Bussines\PIC_CLAVES\PROYECTO USUARIOS_ADMINISTRADOR\ASM3\automatizacion.asm
                  Csmenu1   0x00028c    program     static C:\Users\yeucl\Desktop\Bussines\PIC_CLAVES\PROYECTO USUARIOS_ADMINISTRADOR\ASM3\automatizacion.asm
                  Csmenu2   0x00028c    program     static C:\Users\yeucl\Desktop\Bussines\PIC_CLAVES\PROYECTO USUARIOS_ADMINISTRADOR\ASM3\automatizacion.asm
                  Csmenu3   0x00028c    program     static C:\Users\yeucl\Desktop\Bussines\PIC_CLAVES\PROYECTO USUARIOS_ADMINISTRADOR\ASM3\automatizacion.asm
                  Csmenu4   0x00028c    program     static C:\Users\yeucl\Desktop\Bussines\PIC_CLAVES\PROYECTO USUARIOS_ADMINISTRADOR\ASM3\automatizacion.asm
              Dfinalsmenu   0x000276    program     static C:\Users\yeucl\Desktop\Bussines\PIC_CLAVES\PROYECTO USUARIOS_ADMINISTRADOR\ASM3\automatizacion.asm
                  Dsmenu#   0x000271    program     static C:\Users\yeucl\Desktop\Bussines\PIC_CLAVES\PROYECTO USUARIOS_ADMINISTRADOR\ASM3\automatizacion.asm
                  Dsmenu1   0x000244    program     static C:\Users\yeucl\Desktop\Bussines\PIC_CLAVES\PROYECTO USUARIOS_ADMINISTRADOR\ASM3\automatizacion.asm
                  Dsmenu2   0x000244    program     static C:\Users\yeucl\Desktop\Bussines\PIC_CLAVES\PROYECTO USUARIOS_ADMINISTRADOR\ASM3\automatizacion.asm
                  Dsmenu3   0x000244    program     static C:\Users\yeucl\Desktop\Bussines\PIC_CLAVES\PROYECTO USUARIOS_ADMINISTRADOR\ASM3\automatizacion.asm
                  DsmenuA   0x00025b    program     static C:\Users\yeucl\Desktop\Bussines\PIC_CLAVES\PROYECTO USUARIOS_ADMINISTRADOR\ASM3\automatizacion.asm
                     EERD   0x0007cf    program     static C:\Users\yeucl\Desktop\Bussines\PIC_CLAVES\PROYECTO USUARIOS_ADMINISTRADOR\ASM3\automatizacion.asm
                     EEWR   0x0007c0    program     static C:\Users\yeucl\Desktop\Bussines\PIC_CLAVES\PROYECTO USUARIOS_ADMINISTRADOR\ASM3\automatizacion.asm
    ESCRIBE_CLAVES_EEPROM   0x00058b    program     static C:\Users\yeucl\Desktop\Bussines\PIC_CLAVES\PROYECTO USUARIOS_ADMINISTRADOR\ASM3\automatizacion.asm
     ESCRIBE_SALAS_EEPROM   0x000610    program     static C:\Users\yeucl\Desktop\Bussines\PIC_CLAVES\PROYECTO USUARIOS_ADMINISTRADOR\ASM3\automatizacion.asm
                       EW   0x0007c9    program     static C:\Users\yeucl\Desktop\Bussines\PIC_CLAVES\PROYECTO USUARIOS_ADMINISTRADOR\ASM3\automatizacion.asm
              Ffinalsmenu   0x00022c    program     static C:\Users\yeucl\Desktop\Bussines\PIC_CLAVES\PROYECTO USUARIOS_ADMINISTRADOR\ASM3\automatizacion.asm
                  Fsmenu#   0x000223    program     static C:\Users\yeucl\Desktop\Bussines\PIC_CLAVES\PROYECTO USUARIOS_ADMINISTRADOR\ASM3\automatizacion.asm
                  Fsmenu1   0x0001fb    program     static C:\Users\yeucl\Desktop\Bussines\PIC_CLAVES\PROYECTO USUARIOS_ADMINISTRADOR\ASM3\automatizacion.asm
                  Fsmenu2   0x000205    program     static C:\Users\yeucl\Desktop\Bussines\PIC_CLAVES\PROYECTO USUARIOS_ADMINISTRADOR\ASM3\automatizacion.asm
                  Fsmenu3   0x00020f    program     static C:\Users\yeucl\Desktop\Bussines\PIC_CLAVES\PROYECTO USUARIOS_ADMINISTRADOR\ASM3\automatizacion.asm
                  Fsmenu4   0x000219    program     static C:\Users\yeucl\Desktop\Bussines\PIC_CLAVES\PROYECTO USUARIOS_ADMINISTRADOR\ASM3\automatizacion.asm
                   Inicio   0x000156    program     static C:\Users\yeucl\Desktop\Bussines\PIC_CLAVES\PROYECTO USUARIOS_ADMINISTRADOR\ASM3\automatizacion.asm
                      L01   0x000542    program     static C:\Users\yeucl\Desktop\Bussines\PIC_CLAVES\PROYECTO USUARIOS_ADMINISTRADOR\ASM3\Tiempo.inc
                      L02   0x000544    program     static C:\Users\yeucl\Desktop\Bussines\PIC_CLAVES\PROYECTO USUARIOS_ADMINISTRADOR\ASM3\Tiempo.inc
                      L03   0x00054e    program     static C:\Users\yeucl\Desktop\Bussines\PIC_CLAVES\PROYECTO USUARIOS_ADMINISTRADOR\ASM3\Tiempo.inc
                      L04   0x000550    program     static C:\Users\yeucl\Desktop\Bussines\PIC_CLAVES\PROYECTO USUARIOS_ADMINISTRADOR\ASM3\Tiempo.inc
                      L05   0x000559    program     static C:\Users\yeucl\Desktop\Bussines\PIC_CLAVES\PROYECTO USUARIOS_ADMINISTRADOR\ASM3\Tiempo.inc
                      L06   0x00055b    program     static C:\Users\yeucl\Desktop\Bussines\PIC_CLAVES\PROYECTO USUARIOS_ADMINISTRADOR\ASM3\Tiempo.inc
                      L07   0x00056a    program     static C:\Users\yeucl\Desktop\Bussines\PIC_CLAVES\PROYECTO USUARIOS_ADMINISTRADOR\ASM3\Tiempo.inc
                      L08   0x00056c    program     static C:\Users\yeucl\Desktop\Bussines\PIC_CLAVES\PROYECTO USUARIOS_ADMINISTRADOR\ASM3\Tiempo.inc
                      L09   0x00056e    program     static C:\Users\yeucl\Desktop\Bussines\PIC_CLAVES\PROYECTO USUARIOS_ADMINISTRADOR\ASM3\Tiempo.inc
                      L10   0x000579    program     static C:\Users\yeucl\Desktop\Bussines\PIC_CLAVES\PROYECTO USUARIOS_ADMINISTRADOR\ASM3\Tiempo.inc
                      L11   0x00057b    program     static C:\Users\yeucl\Desktop\Bussines\PIC_CLAVES\PROYECTO USUARIOS_ADMINISTRADOR\ASM3\Tiempo.inc
                      L12   0x00057d    program     static C:\Users\yeucl\Desktop\Bussines\PIC_CLAVES\PROYECTO USUARIOS_ADMINISTRADOR\ASM3\Tiempo.inc
                 LCD_Byte   0x00051e    program     static C:\Users\yeucl\Desktop\Bussines\PIC_CLAVES\PROYECTO USUARIOS_ADMINISTRADOR\ASM3\LCD_4Bits_PORTB.inc
         LCD_ByteCompleto   0x000525    program     static C:\Users\yeucl\Desktop\Bussines\PIC_CLAVES\PROYECTO USUARIOS_ADMINISTRADOR\ASM3\LCD_4Bits_PORTB.inc
             LCD_Caracter   0x0004f8    program     static C:\Users\yeucl\Desktop\Bussines\PIC_CLAVES\PROYECTO USUARIOS_ADMINISTRADOR\ASM3\LCD_4Bits_PORTB.inc
                 LCD_Char   0x0004c7    program     static C:\Users\yeucl\Desktop\Bussines\PIC_CLAVES\PROYECTO USUARIOS_ADMINISTRADOR\ASM3\LCD_4Bits_PORTB.inc
          LCD_CodigoCGROM   0x0004fb    program     static C:\Users\yeucl\Desktop\Bussines\PIC_CLAVES\PROYECTO USUARIOS_ADMINISTRADOR\ASM3\LCD_4Bits_PORTB.inc
                  LCD_Com   0x0004f5    program     static C:\Users\yeucl\Desktop\Bussines\PIC_CLAVES\PROYECTO USUARIOS_ADMINISTRADOR\ASM3\LCD_4Bits_PORTB.inc
   LCD_DosEspaciosBlancos   0x000515    program     static C:\Users\yeucl\Desktop\Bussines\PIC_CLAVES\PROYECTO USUARIOS_ADMINISTRADOR\ASM3\LCD_4Bits_PORTB.inc
        LCD_EnheMayuscula   0x000502    program     static C:\Users\yeucl\Desktop\Bussines\PIC_CLAVES\PROYECTO USUARIOS_ADMINISTRADOR\ASM3\LCD_4Bits_PORTB.inc
        LCD_EnheMinuscula   0x0004fc    program     static C:\Users\yeucl\Desktop\Bussines\PIC_CLAVES\PROYECTO USUARIOS_ADMINISTRADOR\ASM3\LCD_4Bits_PORTB.inc
         LCD_EnviaBlancos   0x000518    program     static C:\Users\yeucl\Desktop\Bussines\PIC_CLAVES\PROYECTO USUARIOS_ADMINISTRADOR\ASM3\LCD_4Bits_PORTB.inc
       LCD_EnviaByteLetra   0x000531    program     static C:\Users\yeucl\Desktop\Bussines\PIC_CLAVES\PROYECTO USUARIOS_ADMINISTRADOR\ASM3\LCD_4Bits_PORTB.inc
      LCD_EnviaOtroBlanco   0x000519    program     static C:\Users\yeucl\Desktop\Bussines\PIC_CLAVES\PROYECTO USUARIOS_ADMINISTRADOR\ASM3\LCD_4Bits_PORTB.inc
             LCD_FinCGROM   0x00050f    program     static C:\Users\yeucl\Desktop\Bussines\PIC_CLAVES\PROYECTO USUARIOS_ADMINISTRADOR\ASM3\LCD_4Bits_PORTB.inc
   LCD_FinVisualizaDigito   0x000533    program     static C:\Users\yeucl\Desktop\Bussines\PIC_CLAVES\PROYECTO USUARIOS_ADMINISTRADOR\ASM3\LCD_4Bits_PORTB.inc
                LCD_Grado   0x000509    program     static C:\Users\yeucl\Desktop\Bussines\PIC_CLAVES\PROYECTO USUARIOS_ADMINISTRADOR\ASM3\LCD_4Bits_PORTB.inc
               LCD_Inicio   0x0004d7    program     static C:\Users\yeucl\Desktop\Bussines\PIC_CLAVES\PROYECTO USUARIOS_ADMINISTRADOR\ASM3\LCD_4Bits_PORTB.inc
        LCD_LineaEnBlanco   0x000511    program     static C:\Users\yeucl\Desktop\Bussines\PIC_CLAVES\PROYECTO USUARIOS_ADMINISTRADOR\ASM3\LCD_4Bits_PORTB.inc
               LCD_Nibble   0x000529    program     static C:\Users\yeucl\Desktop\Bussines\PIC_CLAVES\PROYECTO USUARIOS_ADMINISTRADOR\ASM3\LCD_4Bits_PORTB.inc
  LCD_TresEspaciosBlancos   0x000517    program     static C:\Users\yeucl\Desktop\Bussines\PIC_CLAVES\PROYECTO USUARIOS_ADMINISTRADOR\ASM3\LCD_4Bits_PORTB.inc
      LCD_UnEspacioBlanco   0x000513    program     static C:\Users\yeucl\Desktop\Bussines\PIC_CLAVES\PROYECTO USUARIOS_ADMINISTRADOR\ASM3\LCD_4Bits_PORTB.inc
        LCD_VisualizaAlto   0x000526    program     static C:\Users\yeucl\Desktop\Bussines\PIC_CLAVES\PROYECTO USUARIOS_ADMINISTRADOR\ASM3\LCD_4Bits_PORTB.inc
        LCD_VisualizaBajo   0x000528    program     static C:\Users\yeucl\Desktop\Bussines\PIC_CLAVES\PROYECTO USUARIOS_ADMINISTRADOR\ASM3\LCD_4Bits_PORTB.inc
         LEE_SALAS_EEPROM   0x000674    program     static C:\Users\yeucl\Desktop\Bussines\PIC_CLAVES\PROYECTO USUARIOS_ADMINISTRADOR\ASM3\automatizacion.asm
               LIMPIA_LCD   0x000588    program     static C:\Users\yeucl\Desktop\Bussines\PIC_CLAVES\PROYECTO USUARIOS_ADMINISTRADOR\ASM3\automatizacion.asm
                    Line1   0x0000da    program     static C:\Users\yeucl\Desktop\Bussines\PIC_CLAVES\PROYECTO USUARIOS_ADMINISTRADOR\ASM3\automatizacion.asm
                    Line2   0x0000ec    program     static C:\Users\yeucl\Desktop\Bussines\PIC_CLAVES\PROYECTO USUARIOS_ADMINISTRADOR\ASM3\automatizacion.asm
                    Line3   0x000095    program     static C:\Users\yeucl\Desktop\Bussines\PIC_CLAVES\PROYECTO USUARIOS_ADMINISTRADOR\ASM3\automatizacion.asm
                    Line4   0x0000a7    program     static C:\Users\yeucl\Desktop\Bussines\PIC_CLAVES\PROYECTO USUARIOS_ADMINISTRADOR\ASM3\automatizacion.asm
                    Line5   0x000053    program     static C:\Users\yeucl\Desktop\Bussines\PIC_CLAVES\PROYECTO USUARIOS_ADMINISTRADOR\ASM3\automatizacion.asm
                    Line6   0x000065    program     static C:\Users\yeucl\Desktop\Bussines\PIC_CLAVES\PROYECTO USUARIOS_ADMINISTRADOR\ASM3\automatizacion.asm
                    Line7   0x000011    program     static C:\Users\yeucl\Desktop\Bussines\PIC_CLAVES\PROYECTO USUARIOS_ADMINISTRADOR\ASM3\automatizacion.asm
                    Line8   0x000023    program     static C:\Users\yeucl\Desktop\Bussines\PIC_CLAVES\PROYECTO USUARIOS_ADMINISTRADOR\ASM3\automatizacion.asm
                    Mess1   0x000104    program     static C:\Users\yeucl\Desktop\Bussines\PIC_CLAVES\PROYECTO USUARIOS_ADMINISTRADOR\ASM3\automatizacion.asm
                    Mess2   0x000112    program     static C:\Users\yeucl\Desktop\Bussines\PIC_CLAVES\PROYECTO USUARIOS_ADMINISTRADOR\ASM3\automatizacion.asm
                    Mess3   0x0000c0    program     static C:\Users\yeucl\Desktop\Bussines\PIC_CLAVES\PROYECTO USUARIOS_ADMINISTRADOR\ASM3\automatizacion.asm
                    Mess4   0x0000d0    program     static C:\Users\yeucl\Desktop\Bussines\PIC_CLAVES\PROYECTO USUARIOS_ADMINISTRADOR\ASM3\automatizacion.asm
                    Mess5   0x00007d    program     static C:\Users\yeucl\Desktop\Bussines\PIC_CLAVES\PROYECTO USUARIOS_ADMINISTRADOR\ASM3\automatizacion.asm
                    Mess6   0x00008b    program     static C:\Users\yeucl\Desktop\Bussines\PIC_CLAVES\PROYECTO USUARIOS_ADMINISTRADOR\ASM3\automatizacion.asm
                    Mess7   0x00003b    program     static C:\Users\yeucl\Desktop\Bussines\PIC_CLAVES\PROYECTO USUARIOS_ADMINISTRADOR\ASM3\automatizacion.asm
                    Mess8   0x000049    program     static C:\Users\yeucl\Desktop\Bussines\PIC_CLAVES\PROYECTO USUARIOS_ADMINISTRADOR\ASM3\automatizacion.asm
                  NoTecla   0x000319    program     static C:\Users\yeucl\Desktop\Bussines\PIC_CLAVES\PROYECTO USUARIOS_ADMINISTRADOR\ASM3\automatizacion.asm
                   PulseE   0x0004c2    program     static C:\Users\yeucl\Desktop\Bussines\PIC_CLAVES\PROYECTO USUARIOS_ADMINISTRADOR\ASM3\LCD_4Bits_PORTB.inc
                  SendCom   0x0004f5    program     static C:\Users\yeucl\Desktop\Bussines\PIC_CLAVES\PROYECTO USUARIOS_ADMINISTRADOR\ASM3\LCD_4Bits_PORTB.inc
                   T100mS   0x000557    program     static C:\Users\yeucl\Desktop\Bussines\PIC_CLAVES\PROYECTO USUARIOS_ADMINISTRADOR\ASM3\Tiempo.inc
                   T100uS   0x00053b    program     static C:\Users\yeucl\Desktop\Bussines\PIC_CLAVES\PROYECTO USUARIOS_ADMINISTRADOR\ASM3\Tiempo.inc
                     T10S   0x000577    program     static C:\Users\yeucl\Desktop\Bussines\PIC_CLAVES\PROYECTO USUARIOS_ADMINISTRADOR\ASM3\Tiempo.inc
                    T10mS   0x00054c    program     static C:\Users\yeucl\Desktop\Bussines\PIC_CLAVES\PROYECTO USUARIOS_ADMINISTRADOR\ASM3\Tiempo.inc
                    T10uS   0x000536    program     static C:\Users\yeucl\Desktop\Bussines\PIC_CLAVES\PROYECTO USUARIOS_ADMINISTRADOR\ASM3\Tiempo.inc
                      T1S   0x000568    program     static C:\Users\yeucl\Desktop\Bussines\PIC_CLAVES\PROYECTO USUARIOS_ADMINISTRADOR\ASM3\Tiempo.inc
                     T1mS   0x000540    program     static C:\Users\yeucl\Desktop\Bussines\PIC_CLAVES\PROYECTO USUARIOS_ADMINISTRADOR\ASM3\Tiempo.inc
                     T1uS   0x000534    program     static C:\Users\yeucl\Desktop\Bussines\PIC_CLAVES\PROYECTO USUARIOS_ADMINISTRADOR\ASM3\Tiempo.inc
                   Tecla#   0x000365    program     static C:\Users\yeucl\Desktop\Bussines\PIC_CLAVES\PROYECTO USUARIOS_ADMINISTRADOR\ASM3\automatizacion.asm
                   Tecla0   0x000360    program     static C:\Users\yeucl\Desktop\Bussines\PIC_CLAVES\PROYECTO USUARIOS_ADMINISTRADOR\ASM3\automatizacion.asm
                   Tecla1   0x00031f    program     static C:\Users\yeucl\Desktop\Bussines\PIC_CLAVES\PROYECTO USUARIOS_ADMINISTRADOR\ASM3\automatizacion.asm
                   Tecla2   0x000324    program     static C:\Users\yeucl\Desktop\Bussines\PIC_CLAVES\PROYECTO USUARIOS_ADMINISTRADOR\ASM3\automatizacion.asm
                   Tecla3   0x000329    program     static C:\Users\yeucl\Desktop\Bussines\PIC_CLAVES\PROYECTO USUARIOS_ADMINISTRADOR\ASM3\automatizacion.asm
                   Tecla4   0x000333    program     static C:\Users\yeucl\Desktop\Bussines\PIC_CLAVES\PROYECTO USUARIOS_ADMINISTRADOR\ASM3\automatizacion.asm
                   Tecla5   0x000338    program     static C:\Users\yeucl\Desktop\Bussines\PIC_CLAVES\PROYECTO USUARIOS_ADMINISTRADOR\ASM3\automatizacion.asm
                   Tecla6   0x00033d    program     static C:\Users\yeucl\Desktop\Bussines\PIC_CLAVES\PROYECTO USUARIOS_ADMINISTRADOR\ASM3\automatizacion.asm
                   Tecla7   0x000347    program     static C:\Users\yeucl\Desktop\Bussines\PIC_CLAVES\PROYECTO USUARIOS_ADMINISTRADOR\ASM3\automatizacion.asm
                   Tecla8   0x00034c    program     static C:\Users\yeucl\Desktop\Bussines\PIC_CLAVES\PROYECTO USUARIOS_ADMINISTRADOR\ASM3\automatizacion.asm
                   Tecla9   0x000351    program     static C:\Users\yeucl\Desktop\Bussines\PIC_CLAVES\PROYECTO USUARIOS_ADMINISTRADOR\ASM3\automatizacion.asm
                   TeclaA   0x00032e    program     static C:\Users\yeucl\Desktop\Bussines\PIC_CLAVES\PROYECTO USUARIOS_ADMINISTRADOR\ASM3\automatizacion.asm
                   TeclaB   0x000342    program     static C:\Users\yeucl\Desktop\Bussines\PIC_CLAVES\PROYECTO USUARIOS_ADMINISTRADOR\ASM3\automatizacion.asm
                   TeclaC   0x000356    program     static C:\Users\yeucl\Desktop\Bussines\PIC_CLAVES\PROYECTO USUARIOS_ADMINISTRADOR\ASM3\automatizacion.asm
                   TeclaD   0x00036a    program     static C:\Users\yeucl\Desktop\Bussines\PIC_CLAVES\PROYECTO USUARIOS_ADMINISTRADOR\ASM3\automatizacion.asm
          Tecla_asterisco   0x00035b    program     static C:\Users\yeucl\Desktop\Bussines\PIC_CLAVES\PROYECTO USUARIOS_ADMINISTRADOR\ASM3\automatizacion.asm
          Termina_teclado   0x00017e    program     static C:\Users\yeucl\Desktop\Bussines\PIC_CLAVES\PROYECTO USUARIOS_ADMINISTRADOR\ASM3\automatizacion.asm
             VALIDA_ADMIN   0x00070b    program     static C:\Users\yeucl\Desktop\Bussines\PIC_CLAVES\PROYECTO USUARIOS_ADMINISTRADOR\ASM3\automatizacion.asm
          VERIFICA_ACCESO   0x0006cc    program     static C:\Users\yeucl\Desktop\Bussines\PIC_CLAVES\PROYECTO USUARIOS_ADMINISTRADOR\ASM3\automatizacion.asm
      Variables_iniciales   0x00011c    program     static C:\Users\yeucl\Desktop\Bussines\PIC_CLAVES\PROYECTO USUARIOS_ADMINISTRADOR\ASM3\automatizacion.asm
        ad_cambiar_claves   0x0002e8    program     static C:\Users\yeucl\Desktop\Bussines\PIC_CLAVES\PROYECTO USUARIOS_ADMINISTRADOR\ASM3\automatizacion.asm
              admin_acept   0x0002c9    program     static C:\Users\yeucl\Desktop\Bussines\PIC_CLAVES\PROYECTO USUARIOS_ADMINISTRADOR\ASM3\automatizacion.asm
          cambia_accesosd   0x000255    program     static C:\Users\yeucl\Desktop\Bussines\PIC_CLAVES\PROYECTO USUARIOS_ADMINISTRADOR\ASM3\automatizacion.asm
           cambia_clavesd   0x00024f    program     static C:\Users\yeucl\Desktop\Bussines\PIC_CLAVES\PROYECTO USUARIOS_ADMINISTRADOR\ASM3\automatizacion.asm
           clave_usuario1   0x00059c    program     static C:\Users\yeucl\Desktop\Bussines\PIC_CLAVES\PROYECTO USUARIOS_ADMINISTRADOR\ASM3\automatizacion.asm
           clave_usuario2   0x0005b9    program     static C:\Users\yeucl\Desktop\Bussines\PIC_CLAVES\PROYECTO USUARIOS_ADMINISTRADOR\ASM3\automatizacion.asm
           clave_usuario3   0x0005d6    program     static C:\Users\yeucl\Desktop\Bussines\PIC_CLAVES\PROYECTO USUARIOS_ADMINISTRADOR\ASM3\automatizacion.asm
           clave_usuarioA   0x0005f3    program     static C:\Users\yeucl\Desktop\Bussines\PIC_CLAVES\PROYECTO USUARIOS_ADMINISTRADOR\ASM3\automatizacion.asm
            continua_prog   0x000142    program     static C:\Users\yeucl\Desktop\Bussines\PIC_CLAVES\PROYECTO USUARIOS_ADMINISTRADOR\ASM3\automatizacion.asm
                 emenu0_2   0x00019f    program     static C:\Users\yeucl\Desktop\Bussines\PIC_CLAVES\PROYECTO USUARIOS_ADMINISTRADOR\ASM3\automatizacion.asm
                 emenu1_2   0x0001bc    program     static C:\Users\yeucl\Desktop\Bussines\PIC_CLAVES\PROYECTO USUARIOS_ADMINISTRADOR\ASM3\automatizacion.asm
                 emenu2_2   0x0001e6    program     static C:\Users\yeucl\Desktop\Bussines\PIC_CLAVES\PROYECTO USUARIOS_ADMINISTRADOR\ASM3\automatizacion.asm
                 emenu3_2   0x00022f    program     static C:\Users\yeucl\Desktop\Bussines\PIC_CLAVES\PROYECTO USUARIOS_ADMINISTRADOR\ASM3\automatizacion.asm
                 emenu4_2   0x000277    program     static C:\Users\yeucl\Desktop\Bussines\PIC_CLAVES\PROYECTO USUARIOS_ADMINISTRADOR\ASM3\automatizacion.asm
                 emenu5_2   0x00029f    program     static C:\Users\yeucl\Desktop\Bussines\PIC_CLAVES\PROYECTO USUARIOS_ADMINISTRADOR\ASM3\automatizacion.asm
                 emenu6_2   0x0002f3    program     static C:\Users\yeucl\Desktop\Bussines\PIC_CLAVES\PROYECTO USUARIOS_ADMINISTRADOR\ASM3\automatizacion.asm
                 enciende   0x00031d    program     static C:\Users\yeucl\Desktop\Bussines\PIC_CLAVES\PROYECTO USUARIOS_ADMINISTRADOR\ASM3\automatizacion.asm
               fin_sensor   0x00031e    program     static C:\Users\yeucl\Desktop\Bussines\PIC_CLAVES\PROYECTO USUARIOS_ADMINISTRADOR\ASM3\automatizacion.asm
             final_admina   0x0002ed    program     static C:\Users\yeucl\Desktop\Bussines\PIC_CLAVES\PROYECTO USUARIOS_ADMINISTRADOR\ASM3\automatizacion.asm
             final_claveA   0x00060f    program     static C:\Users\yeucl\Desktop\Bussines\PIC_CLAVES\PROYECTO USUARIOS_ADMINISTRADOR\ASM3\automatizacion.asm
              final_salaA   0x000673    program     static C:\Users\yeucl\Desktop\Bussines\PIC_CLAVES\PROYECTO USUARIOS_ADMINISTRADOR\ASM3\automatizacion.asm
              final_salaB   0x0006cb    program     static C:\Users\yeucl\Desktop\Bussines\PIC_CLAVES\PROYECTO USUARIOS_ADMINISTRADOR\ASM3\automatizacion.asm
             finalmenus_2   0x000317    program     static C:\Users\yeucl\Desktop\Bussines\PIC_CLAVES\PROYECTO USUARIOS_ADMINISTRADOR\ASM3\automatizacion.asm
                    menu0   0x0000fe    program     static C:\Users\yeucl\Desktop\Bussines\PIC_CLAVES\PROYECTO USUARIOS_ADMINISTRADOR\ASM3\automatizacion.asm
                    menu1   0x0000b9    program     static C:\Users\yeucl\Desktop\Bussines\PIC_CLAVES\PROYECTO USUARIOS_ADMINISTRADOR\ASM3\automatizacion.asm
                    menu2   0x0000ca    program     static C:\Users\yeucl\Desktop\Bussines\PIC_CLAVES\PROYECTO USUARIOS_ADMINISTRADOR\ASM3\automatizacion.asm
                    menu3   0x000077    program     static C:\Users\yeucl\Desktop\Bussines\PIC_CLAVES\PROYECTO USUARIOS_ADMINISTRADOR\ASM3\automatizacion.asm
                    menu4   0x000035    program     static C:\Users\yeucl\Desktop\Bussines\PIC_CLAVES\PROYECTO USUARIOS_ADMINISTRADOR\ASM3\automatizacion.asm
                    menu5   0x00036f    program     static C:\Users\yeucl\Desktop\Bussines\PIC_CLAVES\PROYECTO USUARIOS_ADMINISTRADOR\ASM3\automatizacion.asm
                    menu6   0x000418    program     static C:\Users\yeucl\Desktop\Bussines\PIC_CLAVES\PROYECTO USUARIOS_ADMINISTRADOR\ASM3\automatizacion.asm
                   otra_d   0x000270    program     static C:\Users\yeucl\Desktop\Bussines\PIC_CLAVES\PROYECTO USUARIOS_ADMINISTRADOR\ASM3\automatizacion.asm
             reinicia_var   0x000702    program     static C:\Users\yeucl\Desktop\Bussines\PIC_CLAVES\PROYECTO USUARIOS_ADMINISTRADOR\ASM3\automatizacion.asm
                   vsala2   0x0006d8    program     static C:\Users\yeucl\Desktop\Bussines\PIC_CLAVES\PROYECTO USUARIOS_ADMINISTRADOR\ASM3\automatizacion.asm
                   vsala3   0x0006e3    program     static C:\Users\yeucl\Desktop\Bussines\PIC_CLAVES\PROYECTO USUARIOS_ADMINISTRADOR\ASM3\automatizacion.asm
                   vsala4   0x0006ee    program     static C:\Users\yeucl\Desktop\Bussines\PIC_CLAVES\PROYECTO USUARIOS_ADMINISTRADOR\ASM3\automatizacion.asm
               vsalaadmin   0x0006f9    program     static C:\Users\yeucl\Desktop\Bussines\PIC_CLAVES\PROYECTO USUARIOS_ADMINISTRADOR\ASM3\automatizacion.asm
             vsalarechaza   0x000700    program     static C:\Users\yeucl\Desktop\Bussines\PIC_CLAVES\PROYECTO USUARIOS_ADMINISTRADOR\ASM3\automatizacion.asm



                              Symbols - Sorted by Address
                     Name    Address   Location    Storage File                     
                ---------  ---------  ---------  --------- ---------                
                    Line7   0x000011    program     static C:\Users\yeucl\Desktop\Bussines\PIC_CLAVES\PROYECTO USUARIOS_ADMINISTRADOR\ASM3\automatizacion.asm
                    Line8   0x000023    program     static C:\Users\yeucl\Desktop\Bussines\PIC_CLAVES\PROYECTO USUARIOS_ADMINISTRADOR\ASM3\automatizacion.asm
                    menu4   0x000035    program     static C:\Users\yeucl\Desktop\Bussines\PIC_CLAVES\PROYECTO USUARIOS_ADMINISTRADOR\ASM3\automatizacion.asm
                    Mess7   0x00003b    program     static C:\Users\yeucl\Desktop\Bussines\PIC_CLAVES\PROYECTO USUARIOS_ADMINISTRADOR\ASM3\automatizacion.asm
                    Mess8   0x000049    program     static C:\Users\yeucl\Desktop\Bussines\PIC_CLAVES\PROYECTO USUARIOS_ADMINISTRADOR\ASM3\automatizacion.asm
                    Line5   0x000053    program     static C:\Users\yeucl\Desktop\Bussines\PIC_CLAVES\PROYECTO USUARIOS_ADMINISTRADOR\ASM3\automatizacion.asm
                    Line6   0x000065    program     static C:\Users\yeucl\Desktop\Bussines\PIC_CLAVES\PROYECTO USUARIOS_ADMINISTRADOR\ASM3\automatizacion.asm
                    menu3   0x000077    program     static C:\Users\yeucl\Desktop\Bussines\PIC_CLAVES\PROYECTO USUARIOS_ADMINISTRADOR\ASM3\automatizacion.asm
                    Mess5   0x00007d    program     static C:\Users\yeucl\Desktop\Bussines\PIC_CLAVES\PROYECTO USUARIOS_ADMINISTRADOR\ASM3\automatizacion.asm
                    Mess6   0x00008b    program     static C:\Users\yeucl\Desktop\Bussines\PIC_CLAVES\PROYECTO USUARIOS_ADMINISTRADOR\ASM3\automatizacion.asm
                    Line3   0x000095    program     static C:\Users\yeucl\Desktop\Bussines\PIC_CLAVES\PROYECTO USUARIOS_ADMINISTRADOR\ASM3\automatizacion.asm
                    Line4   0x0000a7    program     static C:\Users\yeucl\Desktop\Bussines\PIC_CLAVES\PROYECTO USUARIOS_ADMINISTRADOR\ASM3\automatizacion.asm
                    menu1   0x0000b9    program     static C:\Users\yeucl\Desktop\Bussines\PIC_CLAVES\PROYECTO USUARIOS_ADMINISTRADOR\ASM3\automatizacion.asm
                    Mess3   0x0000c0    program     static C:\Users\yeucl\Desktop\Bussines\PIC_CLAVES\PROYECTO USUARIOS_ADMINISTRADOR\ASM3\automatizacion.asm
                    menu2   0x0000ca    program     static C:\Users\yeucl\Desktop\Bussines\PIC_CLAVES\PROYECTO USUARIOS_ADMINISTRADOR\ASM3\automatizacion.asm
                    Mess4   0x0000d0    program     static C:\Users\yeucl\Desktop\Bussines\PIC_CLAVES\PROYECTO USUARIOS_ADMINISTRADOR\ASM3\automatizacion.asm
                    Line1   0x0000da    program     static C:\Users\yeucl\Desktop\Bussines\PIC_CLAVES\PROYECTO USUARIOS_ADMINISTRADOR\ASM3\automatizacion.asm
                    Line2   0x0000ec    program     static C:\Users\yeucl\Desktop\Bussines\PIC_CLAVES\PROYECTO USUARIOS_ADMINISTRADOR\ASM3\automatizacion.asm
                    menu0   0x0000fe    program     static C:\Users\yeucl\Desktop\Bussines\PIC_CLAVES\PROYECTO USUARIOS_ADMINISTRADOR\ASM3\automatizacion.asm
                    Mess1   0x000104    program     static C:\Users\yeucl\Desktop\Bussines\PIC_CLAVES\PROYECTO USUARIOS_ADMINISTRADOR\ASM3\automatizacion.asm
                    Mess2   0x000112    program     static C:\Users\yeucl\Desktop\Bussines\PIC_CLAVES\PROYECTO USUARIOS_ADMINISTRADOR\ASM3\automatizacion.asm
      Variables_iniciales   0x00011c    program     static C:\Users\yeucl\Desktop\Bussines\PIC_CLAVES\PROYECTO USUARIOS_ADMINISTRADOR\ASM3\automatizacion.asm
            continua_prog   0x000142    program     static C:\Users\yeucl\Desktop\Bussines\PIC_CLAVES\PROYECTO USUARIOS_ADMINISTRADOR\ASM3\automatizacion.asm
                   Inicio   0x000156    program     static C:\Users\yeucl\Desktop\Bussines\PIC_CLAVES\PROYECTO USUARIOS_ADMINISTRADOR\ASM3\automatizacion.asm
          Termina_teclado   0x00017e    program     static C:\Users\yeucl\Desktop\Bussines\PIC_CLAVES\PROYECTO USUARIOS_ADMINISTRADOR\ASM3\automatizacion.asm
                 emenu0_2   0x00019f    program     static C:\Users\yeucl\Desktop\Bussines\PIC_CLAVES\PROYECTO USUARIOS_ADMINISTRADOR\ASM3\automatizacion.asm
                  Asmenu2   0x0001ac    program     static C:\Users\yeucl\Desktop\Bussines\PIC_CLAVES\PROYECTO USUARIOS_ADMINISTRADOR\ASM3\automatizacion.asm
                  Asmenu1   0x0001b0    program     static C:\Users\yeucl\Desktop\Bussines\PIC_CLAVES\PROYECTO USUARIOS_ADMINISTRADOR\ASM3\automatizacion.asm
                  Asmenu3   0x0001b6    program     static C:\Users\yeucl\Desktop\Bussines\PIC_CLAVES\PROYECTO USUARIOS_ADMINISTRADOR\ASM3\automatizacion.asm
              Afinalsmenu   0x0001bb    program     static C:\Users\yeucl\Desktop\Bussines\PIC_CLAVES\PROYECTO USUARIOS_ADMINISTRADOR\ASM3\automatizacion.asm
                 emenu1_2   0x0001bc    program     static C:\Users\yeucl\Desktop\Bussines\PIC_CLAVES\PROYECTO USUARIOS_ADMINISTRADOR\ASM3\automatizacion.asm
                 Bdigito1   0x0001cb    program     static C:\Users\yeucl\Desktop\Bussines\PIC_CLAVES\PROYECTO USUARIOS_ADMINISTRADOR\ASM3\automatizacion.asm
                 Bdigito2   0x0001cf    program     static C:\Users\yeucl\Desktop\Bussines\PIC_CLAVES\PROYECTO USUARIOS_ADMINISTRADOR\ASM3\automatizacion.asm
                 Bdigito3   0x0001d3    program     static C:\Users\yeucl\Desktop\Bussines\PIC_CLAVES\PROYECTO USUARIOS_ADMINISTRADOR\ASM3\automatizacion.asm
                 Bdigito4   0x0001d7    program     static C:\Users\yeucl\Desktop\Bussines\PIC_CLAVES\PROYECTO USUARIOS_ADMINISTRADOR\ASM3\automatizacion.asm
            Bfinaldigitos   0x0001e5    program     static C:\Users\yeucl\Desktop\Bussines\PIC_CLAVES\PROYECTO USUARIOS_ADMINISTRADOR\ASM3\automatizacion.asm
                 emenu2_2   0x0001e6    program     static C:\Users\yeucl\Desktop\Bussines\PIC_CLAVES\PROYECTO USUARIOS_ADMINISTRADOR\ASM3\automatizacion.asm
                  Fsmenu1   0x0001fb    program     static C:\Users\yeucl\Desktop\Bussines\PIC_CLAVES\PROYECTO USUARIOS_ADMINISTRADOR\ASM3\automatizacion.asm
                    Asid1   0x000202    program     static C:\Users\yeucl\Desktop\Bussines\PIC_CLAVES\PROYECTO USUARIOS_ADMINISTRADOR\ASM3\automatizacion.asm
             Afinalsinod1   0x000204    program     static C:\Users\yeucl\Desktop\Bussines\PIC_CLAVES\PROYECTO USUARIOS_ADMINISTRADOR\ASM3\automatizacion.asm
                  Fsmenu2   0x000205    program     static C:\Users\yeucl\Desktop\Bussines\PIC_CLAVES\PROYECTO USUARIOS_ADMINISTRADOR\ASM3\automatizacion.asm
                    Asid2   0x00020c    program     static C:\Users\yeucl\Desktop\Bussines\PIC_CLAVES\PROYECTO USUARIOS_ADMINISTRADOR\ASM3\automatizacion.asm
             Afinalsinod2   0x00020e    program     static C:\Users\yeucl\Desktop\Bussines\PIC_CLAVES\PROYECTO USUARIOS_ADMINISTRADOR\ASM3\automatizacion.asm
                  Fsmenu3   0x00020f    program     static C:\Users\yeucl\Desktop\Bussines\PIC_CLAVES\PROYECTO USUARIOS_ADMINISTRADOR\ASM3\automatizacion.asm
                    Asid3   0x000216    program     static C:\Users\yeucl\Desktop\Bussines\PIC_CLAVES\PROYECTO USUARIOS_ADMINISTRADOR\ASM3\automatizacion.asm
             Afinalsinod3   0x000218    program     static C:\Users\yeucl\Desktop\Bussines\PIC_CLAVES\PROYECTO USUARIOS_ADMINISTRADOR\ASM3\automatizacion.asm
                  Fsmenu4   0x000219    program     static C:\Users\yeucl\Desktop\Bussines\PIC_CLAVES\PROYECTO USUARIOS_ADMINISTRADOR\ASM3\automatizacion.asm
                    Asid4   0x000220    program     static C:\Users\yeucl\Desktop\Bussines\PIC_CLAVES\PROYECTO USUARIOS_ADMINISTRADOR\ASM3\automatizacion.asm
             Afinalsinod4   0x000222    program     static C:\Users\yeucl\Desktop\Bussines\PIC_CLAVES\PROYECTO USUARIOS_ADMINISTRADOR\ASM3\automatizacion.asm
                  Fsmenu#   0x000223    program     static C:\Users\yeucl\Desktop\Bussines\PIC_CLAVES\PROYECTO USUARIOS_ADMINISTRADOR\ASM3\automatizacion.asm
              Ffinalsmenu   0x00022c    program     static C:\Users\yeucl\Desktop\Bussines\PIC_CLAVES\PROYECTO USUARIOS_ADMINISTRADOR\ASM3\automatizacion.asm
                 emenu3_2   0x00022f    program     static C:\Users\yeucl\Desktop\Bussines\PIC_CLAVES\PROYECTO USUARIOS_ADMINISTRADOR\ASM3\automatizacion.asm
                  Dsmenu3   0x000244    program     static C:\Users\yeucl\Desktop\Bussines\PIC_CLAVES\PROYECTO USUARIOS_ADMINISTRADOR\ASM3\automatizacion.asm
                  Dsmenu2   0x000244    program     static C:\Users\yeucl\Desktop\Bussines\PIC_CLAVES\PROYECTO USUARIOS_ADMINISTRADOR\ASM3\automatizacion.asm
                  Dsmenu1   0x000244    program     static C:\Users\yeucl\Desktop\Bussines\PIC_CLAVES\PROYECTO USUARIOS_ADMINISTRADOR\ASM3\automatizacion.asm
           cambia_clavesd   0x00024f    program     static C:\Users\yeucl\Desktop\Bussines\PIC_CLAVES\PROYECTO USUARIOS_ADMINISTRADOR\ASM3\automatizacion.asm
          cambia_accesosd   0x000255    program     static C:\Users\yeucl\Desktop\Bussines\PIC_CLAVES\PROYECTO USUARIOS_ADMINISTRADOR\ASM3\automatizacion.asm
                  DsmenuA   0x00025b    program     static C:\Users\yeucl\Desktop\Bussines\PIC_CLAVES\PROYECTO USUARIOS_ADMINISTRADOR\ASM3\automatizacion.asm
                   otra_d   0x000270    program     static C:\Users\yeucl\Desktop\Bussines\PIC_CLAVES\PROYECTO USUARIOS_ADMINISTRADOR\ASM3\automatizacion.asm
                  Dsmenu#   0x000271    program     static C:\Users\yeucl\Desktop\Bussines\PIC_CLAVES\PROYECTO USUARIOS_ADMINISTRADOR\ASM3\automatizacion.asm
              Dfinalsmenu   0x000276    program     static C:\Users\yeucl\Desktop\Bussines\PIC_CLAVES\PROYECTO USUARIOS_ADMINISTRADOR\ASM3\automatizacion.asm
                 emenu4_2   0x000277    program     static C:\Users\yeucl\Desktop\Bussines\PIC_CLAVES\PROYECTO USUARIOS_ADMINISTRADOR\ASM3\automatizacion.asm
                  Csmenu4   0x00028c    program     static C:\Users\yeucl\Desktop\Bussines\PIC_CLAVES\PROYECTO USUARIOS_ADMINISTRADOR\ASM3\automatizacion.asm
                  Csmenu3   0x00028c    program     static C:\Users\yeucl\Desktop\Bussines\PIC_CLAVES\PROYECTO USUARIOS_ADMINISTRADOR\ASM3\automatizacion.asm
                  Csmenu2   0x00028c    program     static C:\Users\yeucl\Desktop\Bussines\PIC_CLAVES\PROYECTO USUARIOS_ADMINISTRADOR\ASM3\automatizacion.asm
                  Csmenu1   0x00028c    program     static C:\Users\yeucl\Desktop\Bussines\PIC_CLAVES\PROYECTO USUARIOS_ADMINISTRADOR\ASM3\automatizacion.asm
                  Csmenu#   0x000296    program     static C:\Users\yeucl\Desktop\Bussines\PIC_CLAVES\PROYECTO USUARIOS_ADMINISTRADOR\ASM3\automatizacion.asm
              Cfinalsmenu   0x00029e    program     static C:\Users\yeucl\Desktop\Bussines\PIC_CLAVES\PROYECTO USUARIOS_ADMINISTRADOR\ASM3\automatizacion.asm
                 emenu5_2   0x00029f    program     static C:\Users\yeucl\Desktop\Bussines\PIC_CLAVES\PROYECTO USUARIOS_ADMINISTRADOR\ASM3\automatizacion.asm
                 Adigito1   0x0002ae    program     static C:\Users\yeucl\Desktop\Bussines\PIC_CLAVES\PROYECTO USUARIOS_ADMINISTRADOR\ASM3\automatizacion.asm
                 Adigito2   0x0002b2    program     static C:\Users\yeucl\Desktop\Bussines\PIC_CLAVES\PROYECTO USUARIOS_ADMINISTRADOR\ASM3\automatizacion.asm
                 Adigito3   0x0002b6    program     static C:\Users\yeucl\Desktop\Bussines\PIC_CLAVES\PROYECTO USUARIOS_ADMINISTRADOR\ASM3\automatizacion.asm
                 Adigito4   0x0002ba    program     static C:\Users\yeucl\Desktop\Bussines\PIC_CLAVES\PROYECTO USUARIOS_ADMINISTRADOR\ASM3\automatizacion.asm
              admin_acept   0x0002c9    program     static C:\Users\yeucl\Desktop\Bussines\PIC_CLAVES\PROYECTO USUARIOS_ADMINISTRADOR\ASM3\automatizacion.asm
        ad_cambiar_claves   0x0002e8    program     static C:\Users\yeucl\Desktop\Bussines\PIC_CLAVES\PROYECTO USUARIOS_ADMINISTRADOR\ASM3\automatizacion.asm
             final_admina   0x0002ed    program     static C:\Users\yeucl\Desktop\Bussines\PIC_CLAVES\PROYECTO USUARIOS_ADMINISTRADOR\ASM3\automatizacion.asm
            Afinaldigitos   0x0002f2    program     static C:\Users\yeucl\Desktop\Bussines\PIC_CLAVES\PROYECTO USUARIOS_ADMINISTRADOR\ASM3\automatizacion.asm
                 emenu6_2   0x0002f3    program     static C:\Users\yeucl\Desktop\Bussines\PIC_CLAVES\PROYECTO USUARIOS_ADMINISTRADOR\ASM3\automatizacion.asm
                 Cdigito1   0x000302    program     static C:\Users\yeucl\Desktop\Bussines\PIC_CLAVES\PROYECTO USUARIOS_ADMINISTRADOR\ASM3\automatizacion.asm
                 Cdigito2   0x000306    program     static C:\Users\yeucl\Desktop\Bussines\PIC_CLAVES\PROYECTO USUARIOS_ADMINISTRADOR\ASM3\automatizacion.asm
                 Cdigito3   0x00030a    program     static C:\Users\yeucl\Desktop\Bussines\PIC_CLAVES\PROYECTO USUARIOS_ADMINISTRADOR\ASM3\automatizacion.asm
                 Cdigito4   0x00030e    program     static C:\Users\yeucl\Desktop\Bussines\PIC_CLAVES\PROYECTO USUARIOS_ADMINISTRADOR\ASM3\automatizacion.asm
             finalmenus_2   0x000317    program     static C:\Users\yeucl\Desktop\Bussines\PIC_CLAVES\PROYECTO USUARIOS_ADMINISTRADOR\ASM3\automatizacion.asm
            Cfinaldigitos   0x000317    program     static C:\Users\yeucl\Desktop\Bussines\PIC_CLAVES\PROYECTO USUARIOS_ADMINISTRADOR\ASM3\automatizacion.asm
                  NoTecla   0x000319    program     static C:\Users\yeucl\Desktop\Bussines\PIC_CLAVES\PROYECTO USUARIOS_ADMINISTRADOR\ASM3\automatizacion.asm
                 enciende   0x00031d    program     static C:\Users\yeucl\Desktop\Bussines\PIC_CLAVES\PROYECTO USUARIOS_ADMINISTRADOR\ASM3\automatizacion.asm
               fin_sensor   0x00031e    program     static C:\Users\yeucl\Desktop\Bussines\PIC_CLAVES\PROYECTO USUARIOS_ADMINISTRADOR\ASM3\automatizacion.asm
                   Tecla1   0x00031f    program     static C:\Users\yeucl\Desktop\Bussines\PIC_CLAVES\PROYECTO USUARIOS_ADMINISTRADOR\ASM3\automatizacion.asm
                   Tecla2   0x000324    program     static C:\Users\yeucl\Desktop\Bussines\PIC_CLAVES\PROYECTO USUARIOS_ADMINISTRADOR\ASM3\automatizacion.asm
                   Tecla3   0x000329    program     static C:\Users\yeucl\Desktop\Bussines\PIC_CLAVES\PROYECTO USUARIOS_ADMINISTRADOR\ASM3\automatizacion.asm
                   TeclaA   0x00032e    program     static C:\Users\yeucl\Desktop\Bussines\PIC_CLAVES\PROYECTO USUARIOS_ADMINISTRADOR\ASM3\automatizacion.asm
                   Tecla4   0x000333    program     static C:\Users\yeucl\Desktop\Bussines\PIC_CLAVES\PROYECTO USUARIOS_ADMINISTRADOR\ASM3\automatizacion.asm
                   Tecla5   0x000338    program     static C:\Users\yeucl\Desktop\Bussines\PIC_CLAVES\PROYECTO USUARIOS_ADMINISTRADOR\ASM3\automatizacion.asm
                   Tecla6   0x00033d    program     static C:\Users\yeucl\Desktop\Bussines\PIC_CLAVES\PROYECTO USUARIOS_ADMINISTRADOR\ASM3\automatizacion.asm
                   TeclaB   0x000342    program     static C:\Users\yeucl\Desktop\Bussines\PIC_CLAVES\PROYECTO USUARIOS_ADMINISTRADOR\ASM3\automatizacion.asm
                   Tecla7   0x000347    program     static C:\Users\yeucl\Desktop\Bussines\PIC_CLAVES\PROYECTO USUARIOS_ADMINISTRADOR\ASM3\automatizacion.asm
                   Tecla8   0x00034c    program     static C:\Users\yeucl\Desktop\Bussines\PIC_CLAVES\PROYECTO USUARIOS_ADMINISTRADOR\ASM3\automatizacion.asm
                   Tecla9   0x000351    program     static C:\Users\yeucl\Desktop\Bussines\PIC_CLAVES\PROYECTO USUARIOS_ADMINISTRADOR\ASM3\automatizacion.asm
                   TeclaC   0x000356    program     static C:\Users\yeucl\Desktop\Bussines\PIC_CLAVES\PROYECTO USUARIOS_ADMINISTRADOR\ASM3\automatizacion.asm
          Tecla_asterisco   0x00035b    program     static C:\Users\yeucl\Desktop\Bussines\PIC_CLAVES\PROYECTO USUARIOS_ADMINISTRADOR\ASM3\automatizacion.asm
                   Tecla0   0x000360    program     static C:\Users\yeucl\Desktop\Bussines\PIC_CLAVES\PROYECTO USUARIOS_ADMINISTRADOR\ASM3\automatizacion.asm
                   Tecla#   0x000365    program     static C:\Users\yeucl\Desktop\Bussines\PIC_CLAVES\PROYECTO USUARIOS_ADMINISTRADOR\ASM3\automatizacion.asm
                   TeclaD   0x00036a    program     static C:\Users\yeucl\Desktop\Bussines\PIC_CLAVES\PROYECTO USUARIOS_ADMINISTRADOR\ASM3\automatizacion.asm
                    menu5   0x00036f    program     static C:\Users\yeucl\Desktop\Bussines\PIC_CLAVES\PROYECTO USUARIOS_ADMINISTRADOR\ASM3\automatizacion.asm
                    menu6   0x000418    program     static C:\Users\yeucl\Desktop\Bussines\PIC_CLAVES\PROYECTO USUARIOS_ADMINISTRADOR\ASM3\automatizacion.asm
                   PulseE   0x0004c2    program     static C:\Users\yeucl\Desktop\Bussines\PIC_CLAVES\PROYECTO USUARIOS_ADMINISTRADOR\ASM3\LCD_4Bits_PORTB.inc
                 LCD_Char   0x0004c7    program     static C:\Users\yeucl\Desktop\Bussines\PIC_CLAVES\PROYECTO USUARIOS_ADMINISTRADOR\ASM3\LCD_4Bits_PORTB.inc
               LCD_Inicio   0x0004d7    program     static C:\Users\yeucl\Desktop\Bussines\PIC_CLAVES\PROYECTO USUARIOS_ADMINISTRADOR\ASM3\LCD_4Bits_PORTB.inc
                  LCD_Com   0x0004f5    program     static C:\Users\yeucl\Desktop\Bussines\PIC_CLAVES\PROYECTO USUARIOS_ADMINISTRADOR\ASM3\LCD_4Bits_PORTB.inc
                  SendCom   0x0004f5    program     static C:\Users\yeucl\Desktop\Bussines\PIC_CLAVES\PROYECTO USUARIOS_ADMINISTRADOR\ASM3\LCD_4Bits_PORTB.inc
             LCD_Caracter   0x0004f8    program     static C:\Users\yeucl\Desktop\Bussines\PIC_CLAVES\PROYECTO USUARIOS_ADMINISTRADOR\ASM3\LCD_4Bits_PORTB.inc
          LCD_CodigoCGROM   0x0004fb    program     static C:\Users\yeucl\Desktop\Bussines\PIC_CLAVES\PROYECTO USUARIOS_ADMINISTRADOR\ASM3\LCD_4Bits_PORTB.inc
        LCD_EnheMinuscula   0x0004fc    program     static C:\Users\yeucl\Desktop\Bussines\PIC_CLAVES\PROYECTO USUARIOS_ADMINISTRADOR\ASM3\LCD_4Bits_PORTB.inc
        LCD_EnheMayuscula   0x000502    program     static C:\Users\yeucl\Desktop\Bussines\PIC_CLAVES\PROYECTO USUARIOS_ADMINISTRADOR\ASM3\LCD_4Bits_PORTB.inc
                LCD_Grado   0x000509    program     static C:\Users\yeucl\Desktop\Bussines\PIC_CLAVES\PROYECTO USUARIOS_ADMINISTRADOR\ASM3\LCD_4Bits_PORTB.inc
             LCD_FinCGROM   0x00050f    program     static C:\Users\yeucl\Desktop\Bussines\PIC_CLAVES\PROYECTO USUARIOS_ADMINISTRADOR\ASM3\LCD_4Bits_PORTB.inc
        LCD_LineaEnBlanco   0x000511    program     static C:\Users\yeucl\Desktop\Bussines\PIC_CLAVES\PROYECTO USUARIOS_ADMINISTRADOR\ASM3\LCD_4Bits_PORTB.inc
      LCD_UnEspacioBlanco   0x000513    program     static C:\Users\yeucl\Desktop\Bussines\PIC_CLAVES\PROYECTO USUARIOS_ADMINISTRADOR\ASM3\LCD_4Bits_PORTB.inc
   LCD_DosEspaciosBlancos   0x000515    program     static C:\Users\yeucl\Desktop\Bussines\PIC_CLAVES\PROYECTO USUARIOS_ADMINISTRADOR\ASM3\LCD_4Bits_PORTB.inc
  LCD_TresEspaciosBlancos   0x000517    program     static C:\Users\yeucl\Desktop\Bussines\PIC_CLAVES\PROYECTO USUARIOS_ADMINISTRADOR\ASM3\LCD_4Bits_PORTB.inc
         LCD_EnviaBlancos   0x000518    program     static C:\Users\yeucl\Desktop\Bussines\PIC_CLAVES\PROYECTO USUARIOS_ADMINISTRADOR\ASM3\LCD_4Bits_PORTB.inc
      LCD_EnviaOtroBlanco   0x000519    program     static C:\Users\yeucl\Desktop\Bussines\PIC_CLAVES\PROYECTO USUARIOS_ADMINISTRADOR\ASM3\LCD_4Bits_PORTB.inc
                 LCD_Byte   0x00051e    program     static C:\Users\yeucl\Desktop\Bussines\PIC_CLAVES\PROYECTO USUARIOS_ADMINISTRADOR\ASM3\LCD_4Bits_PORTB.inc
         LCD_ByteCompleto   0x000525    program     static C:\Users\yeucl\Desktop\Bussines\PIC_CLAVES\PROYECTO USUARIOS_ADMINISTRADOR\ASM3\LCD_4Bits_PORTB.inc
        LCD_VisualizaAlto   0x000526    program     static C:\Users\yeucl\Desktop\Bussines\PIC_CLAVES\PROYECTO USUARIOS_ADMINISTRADOR\ASM3\LCD_4Bits_PORTB.inc
        LCD_VisualizaBajo   0x000528    program     static C:\Users\yeucl\Desktop\Bussines\PIC_CLAVES\PROYECTO USUARIOS_ADMINISTRADOR\ASM3\LCD_4Bits_PORTB.inc
               LCD_Nibble   0x000529    program     static C:\Users\yeucl\Desktop\Bussines\PIC_CLAVES\PROYECTO USUARIOS_ADMINISTRADOR\ASM3\LCD_4Bits_PORTB.inc
       LCD_EnviaByteLetra   0x000531    program     static C:\Users\yeucl\Desktop\Bussines\PIC_CLAVES\PROYECTO USUARIOS_ADMINISTRADOR\ASM3\LCD_4Bits_PORTB.inc
   LCD_FinVisualizaDigito   0x000533    program     static C:\Users\yeucl\Desktop\Bussines\PIC_CLAVES\PROYECTO USUARIOS_ADMINISTRADOR\ASM3\LCD_4Bits_PORTB.inc
                     T1uS   0x000534    program     static C:\Users\yeucl\Desktop\Bussines\PIC_CLAVES\PROYECTO USUARIOS_ADMINISTRADOR\ASM3\Tiempo.inc
                    T10uS   0x000536    program     static C:\Users\yeucl\Desktop\Bussines\PIC_CLAVES\PROYECTO USUARIOS_ADMINISTRADOR\ASM3\Tiempo.inc
                   T100uS   0x00053b    program     static C:\Users\yeucl\Desktop\Bussines\PIC_CLAVES\PROYECTO USUARIOS_ADMINISTRADOR\ASM3\Tiempo.inc
                     T1mS   0x000540    program     static C:\Users\yeucl\Desktop\Bussines\PIC_CLAVES\PROYECTO USUARIOS_ADMINISTRADOR\ASM3\Tiempo.inc
                      L01   0x000542    program     static C:\Users\yeucl\Desktop\Bussines\PIC_CLAVES\PROYECTO USUARIOS_ADMINISTRADOR\ASM3\Tiempo.inc
                      L02   0x000544    program     static C:\Users\yeucl\Desktop\Bussines\PIC_CLAVES\PROYECTO USUARIOS_ADMINISTRADOR\ASM3\Tiempo.inc
                    T10mS   0x00054c    program     static C:\Users\yeucl\Desktop\Bussines\PIC_CLAVES\PROYECTO USUARIOS_ADMINISTRADOR\ASM3\Tiempo.inc
                      L03   0x00054e    program     static C:\Users\yeucl\Desktop\Bussines\PIC_CLAVES\PROYECTO USUARIOS_ADMINISTRADOR\ASM3\Tiempo.inc
                      L04   0x000550    program     static C:\Users\yeucl\Desktop\Bussines\PIC_CLAVES\PROYECTO USUARIOS_ADMINISTRADOR\ASM3\Tiempo.inc
                   T100mS   0x000557    program     static C:\Users\yeucl\Desktop\Bussines\PIC_CLAVES\PROYECTO USUARIOS_ADMINISTRADOR\ASM3\Tiempo.inc
                      L05   0x000559    program     static C:\Users\yeucl\Desktop\Bussines\PIC_CLAVES\PROYECTO USUARIOS_ADMINISTRADOR\ASM3\Tiempo.inc
                      L06   0x00055b    program     static C:\Users\yeucl\Desktop\Bussines\PIC_CLAVES\PROYECTO USUARIOS_ADMINISTRADOR\ASM3\Tiempo.inc
                      T1S   0x000568    program     static C:\Users\yeucl\Desktop\Bussines\PIC_CLAVES\PROYECTO USUARIOS_ADMINISTRADOR\ASM3\Tiempo.inc
                      L07   0x00056a    program     static C:\Users\yeucl\Desktop\Bussines\PIC_CLAVES\PROYECTO USUARIOS_ADMINISTRADOR\ASM3\Tiempo.inc
                      L08   0x00056c    program     static C:\Users\yeucl\Desktop\Bussines\PIC_CLAVES\PROYECTO USUARIOS_ADMINISTRADOR\ASM3\Tiempo.inc
                      L09   0x00056e    program     static C:\Users\yeucl\Desktop\Bussines\PIC_CLAVES\PROYECTO USUARIOS_ADMINISTRADOR\ASM3\Tiempo.inc
                     T10S   0x000577    program     static C:\Users\yeucl\Desktop\Bussines\PIC_CLAVES\PROYECTO USUARIOS_ADMINISTRADOR\ASM3\Tiempo.inc
                      L10   0x000579    program     static C:\Users\yeucl\Desktop\Bussines\PIC_CLAVES\PROYECTO USUARIOS_ADMINISTRADOR\ASM3\Tiempo.inc
                      L11   0x00057b    program     static C:\Users\yeucl\Desktop\Bussines\PIC_CLAVES\PROYECTO USUARIOS_ADMINISTRADOR\ASM3\Tiempo.inc
                      L12   0x00057d    program     static C:\Users\yeucl\Desktop\Bussines\PIC_CLAVES\PROYECTO USUARIOS_ADMINISTRADOR\ASM3\Tiempo.inc
               LIMPIA_LCD   0x000588    program     static C:\Users\yeucl\Desktop\Bussines\PIC_CLAVES\PROYECTO USUARIOS_ADMINISTRADOR\ASM3\automatizacion.asm
    ESCRIBE_CLAVES_EEPROM   0x00058b    program     static C:\Users\yeucl\Desktop\Bussines\PIC_CLAVES\PROYECTO USUARIOS_ADMINISTRADOR\ASM3\automatizacion.asm
           clave_usuario1   0x00059c    program     static C:\Users\yeucl\Desktop\Bussines\PIC_CLAVES\PROYECTO USUARIOS_ADMINISTRADOR\ASM3\automatizacion.asm
           clave_usuario2   0x0005b9    program     static C:\Users\yeucl\Desktop\Bussines\PIC_CLAVES\PROYECTO USUARIOS_ADMINISTRADOR\ASM3\automatizacion.asm
           clave_usuario3   0x0005d6    program     static C:\Users\yeucl\Desktop\Bussines\PIC_CLAVES\PROYECTO USUARIOS_ADMINISTRADOR\ASM3\automatizacion.asm
           clave_usuarioA   0x0005f3    program     static C:\Users\yeucl\Desktop\Bussines\PIC_CLAVES\PROYECTO USUARIOS_ADMINISTRADOR\ASM3\automatizacion.asm
             final_claveA   0x00060f    program     static C:\Users\yeucl\Desktop\Bussines\PIC_CLAVES\PROYECTO USUARIOS_ADMINISTRADOR\ASM3\automatizacion.asm
     ESCRIBE_SALAS_EEPROM   0x000610    program     static C:\Users\yeucl\Desktop\Bussines\PIC_CLAVES\PROYECTO USUARIOS_ADMINISTRADOR\ASM3\automatizacion.asm
           Asala_usuario1   0x00061d    program     static C:\Users\yeucl\Desktop\Bussines\PIC_CLAVES\PROYECTO USUARIOS_ADMINISTRADOR\ASM3\automatizacion.asm
           Asala_usuario2   0x00063a    program     static C:\Users\yeucl\Desktop\Bussines\PIC_CLAVES\PROYECTO USUARIOS_ADMINISTRADOR\ASM3\automatizacion.asm
           Asala_usuario3   0x000657    program     static C:\Users\yeucl\Desktop\Bussines\PIC_CLAVES\PROYECTO USUARIOS_ADMINISTRADOR\ASM3\automatizacion.asm
              final_salaA   0x000673    program     static C:\Users\yeucl\Desktop\Bussines\PIC_CLAVES\PROYECTO USUARIOS_ADMINISTRADOR\ASM3\automatizacion.asm
         LEE_SALAS_EEPROM   0x000674    program     static C:\Users\yeucl\Desktop\Bussines\PIC_CLAVES\PROYECTO USUARIOS_ADMINISTRADOR\ASM3\automatizacion.asm
           Bsala_usuario1   0x000681    program     static C:\Users\yeucl\Desktop\Bussines\PIC_CLAVES\PROYECTO USUARIOS_ADMINISTRADOR\ASM3\automatizacion.asm
           Bsala_usuario2   0x00069a    program     static C:\Users\yeucl\Desktop\Bussines\PIC_CLAVES\PROYECTO USUARIOS_ADMINISTRADOR\ASM3\automatizacion.asm
           Bsala_usuario3   0x0006b3    program     static C:\Users\yeucl\Desktop\Bussines\PIC_CLAVES\PROYECTO USUARIOS_ADMINISTRADOR\ASM3\automatizacion.asm
              final_salaB   0x0006cb    program     static C:\Users\yeucl\Desktop\Bussines\PIC_CLAVES\PROYECTO USUARIOS_ADMINISTRADOR\ASM3\automatizacion.asm
          VERIFICA_ACCESO   0x0006cc    program     static C:\Users\yeucl\Desktop\Bussines\PIC_CLAVES\PROYECTO USUARIOS_ADMINISTRADOR\ASM3\automatizacion.asm
                   vsala2   0x0006d8    program     static C:\Users\yeucl\Desktop\Bussines\PIC_CLAVES\PROYECTO USUARIOS_ADMINISTRADOR\ASM3\automatizacion.asm
                   vsala3   0x0006e3    program     static C:\Users\yeucl\Desktop\Bussines\PIC_CLAVES\PROYECTO USUARIOS_ADMINISTRADOR\ASM3\automatizacion.asm
                   vsala4   0x0006ee    program     static C:\Users\yeucl\Desktop\Bussines\PIC_CLAVES\PROYECTO USUARIOS_ADMINISTRADOR\ASM3\automatizacion.asm
               vsalaadmin   0x0006f9    program     static C:\Users\yeucl\Desktop\Bussines\PIC_CLAVES\PROYECTO USUARIOS_ADMINISTRADOR\ASM3\automatizacion.asm
             vsalarechaza   0x000700    program     static C:\Users\yeucl\Desktop\Bussines\PIC_CLAVES\PROYECTO USUARIOS_ADMINISTRADOR\ASM3\automatizacion.asm
             reinicia_var   0x000702    program     static C:\Users\yeucl\Desktop\Bussines\PIC_CLAVES\PROYECTO USUARIOS_ADMINISTRADOR\ASM3\automatizacion.asm
             VALIDA_ADMIN   0x00070b    program     static C:\Users\yeucl\Desktop\Bussines\PIC_CLAVES\PROYECTO USUARIOS_ADMINISTRADOR\ASM3\automatizacion.asm
                  A_user2   0x000736    program     static C:\Users\yeucl\Desktop\Bussines\PIC_CLAVES\PROYECTO USUARIOS_ADMINISTRADOR\ASM3\automatizacion.asm
                  A_user3   0x000761    program     static C:\Users\yeucl\Desktop\Bussines\PIC_CLAVES\PROYECTO USUARIOS_ADMINISTRADOR\ASM3\automatizacion.asm
                  A_userA   0x00078c    program     static C:\Users\yeucl\Desktop\Bussines\PIC_CLAVES\PROYECTO USUARIOS_ADMINISTRADOR\ASM3\automatizacion.asm
                A_Rechaza   0x0007b9    program     static C:\Users\yeucl\Desktop\Bussines\PIC_CLAVES\PROYECTO USUARIOS_ADMINISTRADOR\ASM3\automatizacion.asm
            A_final_users   0x0007bb    program     static C:\Users\yeucl\Desktop\Bussines\PIC_CLAVES\PROYECTO USUARIOS_ADMINISTRADOR\ASM3\automatizacion.asm
                     EEWR   0x0007c0    program     static C:\Users\yeucl\Desktop\Bussines\PIC_CLAVES\PROYECTO USUARIOS_ADMINISTRADOR\ASM3\automatizacion.asm
                       EW   0x0007c9    program     static C:\Users\yeucl\Desktop\Bussines\PIC_CLAVES\PROYECTO USUARIOS_ADMINISTRADOR\ASM3\automatizacion.asm
                     EERD   0x0007cf    program     static C:\Users\yeucl\Desktop\Bussines\PIC_CLAVES\PROYECTO USUARIOS_ADMINISTRADOR\ASM3\automatizacion.asm


